// Jest Snapshot v1, https://goo.gl/fbAQLP

exports[`Snapshot 1`] = `
<View>
  <Text>
    Changed
  </Text>
</View>
`;
